// Jest Snapshot v1, https://goo.gl/fbAQLP

exports[`graphviz example 1`] = `
"digraph atjson{
  node [shape=record];
  Root1 [label=\\"{Root|{}}\\" style=filled fillcolor=\\"#222222\\" fontcolor=\\"#FFFFFF\\"];
  Link2 [label=\\"{Link|{\\\\\\"url\\\\\\":\\\\\\"https://newyorker.com\\\\\\"}}\\" style=filled fillcolor=\\"#888888\\" fontcolor=\\"#FFFFFF\\"];
  Text3 [label=\\"{Text|The }\\" style=filled fillcolor=\\"#FFFFFF\\" fontcolor=\\"#000000\\"];
  Italic4 [label=\\"{Italic|{}}\\" style=filled fillcolor=\\"#888888\\" fontcolor=\\"#FFFFFF\\"];
  Text5 [label=\\"{Text|best}\\" style=filled fillcolor=\\"#FFFFFF\\" fontcolor=\\"#000000\\"];
  Text6 [label=\\"{Text| writing }\\" style=filled fillcolor=\\"#FFFFFF\\" fontcolor=\\"#000000\\"];
  Bold7 [label=\\"{Bold|{}}\\" style=filled fillcolor=\\"#888888\\" fontcolor=\\"#FFFFFF\\"];
  Text8 [label=\\"{Text|anywhere}\\" style=filled fillcolor=\\"#FFFFFF\\" fontcolor=\\"#000000\\"];
  Text9 [label=\\"{Text|, everywhere.}\\" style=filled fillcolor=\\"#FFFFFF\\" fontcolor=\\"#000000\\"];
  Link2 -> Text3;
  Italic4 -> Text5;
  Link2 -> Italic4;
  Link2 -> Text6;
  Bold7 -> Text8;
  Link2 -> Bold7;
  Link2 -> Text9;
  Root1 -> Link2;
}"
`;
